// Jest Snapshot v1, https://goo.gl/fbAQLP

exports[`Pruebas en <PrimeraApp/> debe de mostrar <primeraApp/> correctamente  1`] = `
<Fragment>
  <h1>
    Hola, soy Octavia
  </h1>
  <p>
    Soy un subtitulo
  </p>
</Fragment>
`;
