// Jest Snapshot v1, https://goo.gl/fbAQLP

exports[`Pruebas en HeroScreen debe de mostrarse correctamente 1`] = `""`;
