// Jest Snapshot v1, https://goo.gl/fbAQLP

exports[`Pruebas en homescreen Debe de mostrarse correctamente 1`] = `
<div>
  <h1>
    Home Screen
  </h1>
  <hr />
  <pre>
    {
   "name": "Estefania",
   "email": "fanny@gmail.com"
}
  </pre>
</div>
`;
